Archive member included because of file (symbol)

/home/mes/Projects/diyrovers/CMSISv2_LPC17xx/Release/libCMSISv2_LPC17xx.a(system_LPC17xx.o)
                              ./cr_startup_lpc176x.o (SystemInit)
/usr/local/lpcxpresso_6.1.0_164/lpcxpresso/tools/bin/../lib/gcc/arm-none-eabi/4.6.2/../../../../arm-none-eabi/lib/armv7-m/libcr_c.a(__weak__main.o)
                              ./cr_startup_lpc176x.o (__main)

Allocating common symbols
Common symbol       size              file

msTicks             0x4               ./main.o

Discarded input sections

 .text          0x00000000        0x0 ./cr_startup_lpc176x.o
 .data          0x00000000        0x0 ./cr_startup_lpc176x.o
 .bss           0x00000000        0x0 ./cr_startup_lpc176x.o
 .text          0x00000000        0x0 ./main.o
 .data          0x00000000        0x0 ./main.o
 .bss           0x00000000        0x0 ./main.o
 .crp           0x00000000        0x4 ./main.o
 .text          0x00000000        0x0 /home/mes/Projects/diyrovers/CMSISv2_LPC17xx/Release/libCMSISv2_LPC17xx.a(system_LPC17xx.o)
 .bss           0x00000000        0x0 /home/mes/Projects/diyrovers/CMSISv2_LPC17xx/Release/libCMSISv2_LPC17xx.a(system_LPC17xx.o)
 .text          0x00000000        0x0 /usr/local/lpcxpresso_6.1.0_164/lpcxpresso/tools/bin/../lib/gcc/arm-none-eabi/4.6.2/../../../../arm-none-eabi/lib/armv7-m/libcr_c.a(__weak__main.o)
 .data          0x00000000        0x0 /usr/local/lpcxpresso_6.1.0_164/lpcxpresso/tools/bin/../lib/gcc/arm-none-eabi/4.6.2/../../../../arm-none-eabi/lib/armv7-m/libcr_c.a(__weak__main.o)
 .bss           0x00000000        0x0 /usr/local/lpcxpresso_6.1.0_164/lpcxpresso/tools/bin/../lib/gcc/arm-none-eabi/4.6.2/../../../../arm-none-eabi/lib/armv7-m/libcr_c.a(__weak__main.o)

Memory Configuration

Name             Origin             Length             Attributes
MFlash512        0x00000000         0x00080000         xr
RamLoc32         0x10000000         0x00008000         xrw
RamAHB32         0x2007c000         0x00008000         xrw
*default*        0x00000000         0xffffffff

Linker script and memory map

LOAD ./cr_startup_lpc176x.o
LOAD ./main.o
LOAD /home/mes/Projects/diyrovers/CMSISv2_LPC17xx/Release/libCMSISv2_LPC17xx.a
START GROUP
LOAD /usr/local/lpcxpresso_6.1.0_164/lpcxpresso/tools/bin/../lib/gcc/arm-none-eabi/4.6.2/../../../../arm-none-eabi/lib/armv7-m/libcr_c.a
LOAD /usr/local/lpcxpresso_6.1.0_164/lpcxpresso/tools/bin/../lib/gcc/arm-none-eabi/4.6.2/armv7-m/libcr_eabihelpers.a
END GROUP
                0x00080000                __top_MFlash512 = 0x80000
                0x10008000                __top_RamLoc32 = 0x10008000
                0x20084000                __top_RamAHB32 = 0x20084000

.text           0x00000000      0x570
 FILL mask 0xff
                0x00000000                __vectors_start__ = ABSOLUTE (.)
 *(.isr_vector)
 .isr_vector    0x00000000       0xcc ./cr_startup_lpc176x.o
                0x00000000                g_pfnVectors
                0x000000cc                . = ALIGN (0x4)
                0x000000cc                __section_table_start = .
                0x000000cc                __data_section_table = .
                0x000000cc        0x4 LONG 0x570 LOADADDR (.data)
                0x000000d0        0x4 LONG 0x10000000 ADDR (.data)
                0x000000d4        0x4 LONG 0x4 SIZEOF (.data)
                0x000000d8        0x4 LONG 0x570 LOADADDR (.data_RAM2)
                0x000000dc        0x4 LONG 0x2007c000 ADDR (.data_RAM2)
                0x000000e0        0x4 LONG 0x0 SIZEOF (.data_RAM2)
                0x000000e4                __data_section_table_end = .
                0x000000e4                __bss_section_table = .
                0x000000e4        0x4 LONG 0x10000004 ADDR (.bss)
                0x000000e8        0x4 LONG 0x4 SIZEOF (.bss)
                0x000000ec        0x4 LONG 0x2007c000 ADDR (.bss_RAM2)
                0x000000f0        0x4 LONG 0x0 SIZEOF (.bss_RAM2)
                0x000000f4                __bss_section_table_end = .
                0x000000f4                __section_table_end = .
 *(.after_vectors*)
 .after_vectors
                0x000000f4      0x174 ./cr_startup_lpc176x.o
                0x000000f4                data_init
                0x00000144                bss_init
                0x00000184                ResetISR
                0x00000218                NMI_Handler
                0x00000220                HardFault_Handler
                0x00000228                MemManage_Handler
                0x00000230                BusFault_Handler
                0x00000238                UsageFault_Handler
                0x00000240                SVCall_Handler
                0x00000248                DebugMon_Handler
                0x00000250                PendSV_Handler
                0x00000260                TIMER2_IRQHandler
                0x00000260                RIT_IRQHandler
                0x00000260                I2C0_IRQHandler
                0x00000260                USBActivity_IRQHandler
                0x00000260                PWM1_IRQHandler
                0x00000260                I2C1_IRQHandler
                0x00000260                EINT2_IRQHandler
                0x00000260                UART1_IRQHandler
                0x00000260                EINT3_IRQHandler
                0x00000260                CANActivity_IRQHandler
                0x00000260                TIMER3_IRQHandler
                0x00000260                UART0_IRQHandler
                0x00000260                IntDefaultHandler
                0x00000260                PLL0_IRQHandler
                0x00000260                CAN_IRQHandler
                0x00000260                PLL1_IRQHandler
                0x00000260                SSP0_IRQHandler
                0x00000260                I2S_IRQHandler
                0x00000260                I2C2_IRQHandler
                0x00000260                RTC_IRQHandler
                0x00000260                TIMER0_IRQHandler
                0x00000260                SPI_IRQHandler
                0x00000260                EINT1_IRQHandler
                0x00000260                TIMER1_IRQHandler
                0x00000260                UART2_IRQHandler
                0x00000260                ADC_IRQHandler
                0x00000260                SSP1_IRQHandler
                0x00000260                USB_IRQHandler
                0x00000260                BOD_IRQHandler
                0x00000260                WDT_IRQHandler
                0x00000260                QEI_IRQHandler
                0x00000260                EINT0_IRQHandler
                0x00000260                DMA_IRQHandler
                0x00000260                UART3_IRQHandler
                0x00000260                MCPWM_IRQHandler
                0x00000260                ENET_IRQHandler
 *(.text*)
 .text.NVIC_SetPriority
                0x00000268       0x5c ./main.o
 .text.SysTick_Config
                0x000002c4       0x64 ./main.o
 .text.delay_ms
                0x00000328       0x34 ./main.o
 .text.main     0x0000035c       0x94 ./main.o
                0x0000035c                main
 .text.SysTick_Handler
                0x000003f0       0x24 ./main.o
                0x000003f0                SysTick_Handler
 .text.SystemInit
                0x00000414       0xb0 /home/mes/Projects/diyrovers/CMSISv2_LPC17xx/Release/libCMSISv2_LPC17xx.a(system_LPC17xx.o)
                0x00000414                SystemInit
 .text.SystemClockUpdate
                0x000004c4       0xa8 /home/mes/Projects/diyrovers/CMSISv2_LPC17xx/Release/libCMSISv2_LPC17xx.a(system_LPC17xx.o)
                0x000004c4                SystemClockUpdate
 .text.__weak_main
                0x0000056c        0x4 /usr/local/lpcxpresso_6.1.0_164/lpcxpresso/tools/bin/../lib/gcc/arm-none-eabi/4.6.2/../../../../arm-none-eabi/lib/armv7-m/libcr_c.a(__weak__main.o)
                0x0000056c                __main
                0x0000056c                __weak_main
 *(.rodata .rodata.*)
                0x00000570                . = ALIGN (0x4)

.glue_7         0x00000570        0x0
 .glue_7        0x00000000        0x0 linker stubs

.glue_7t        0x00000570        0x0
 .glue_7t       0x00000000        0x0 linker stubs

.vfp11_veneer   0x00000570        0x0
 .vfp11_veneer  0x00000000        0x0 linker stubs

.v4_bx          0x00000570        0x0
 .v4_bx         0x00000000        0x0 linker stubs

.ARM.extab
 *(.ARM.extab* .gnu.linkonce.armextab.*)
                0x00000570                __exidx_start = .

.ARM.exidx
 *(.ARM.exidx* .gnu.linkonce.armexidx.*)
                0x00000570                __exidx_end = .
                0x00000570                _etext = .

.data_RAM2      0x2007c000        0x0 load address 0x00000570
 FILL mask 0xff
 *(.data.$RAM2*)
 *(.data.$RamAHB32*)
                0x2007c000                . = ALIGN (0x4)

.uninit_RESERVED
                0x10000000        0x0
 *(.bss.$RESERVED*)
                0x10000000                . = ALIGN (0x4)
                0x10000000                _end_uninit_RESERVED = .

.data           0x10000000        0x4 load address 0x00000570
 FILL mask 0xff
                0x10000000                _data = .
 *(vtable)
 *(.data*)
 .data          0x10000000        0x4 /home/mes/Projects/diyrovers/CMSISv2_LPC17xx/Release/libCMSISv2_LPC17xx.a(system_LPC17xx.o)
                0x10000000                SystemFrequency
                0x10000004                . = ALIGN (0x4)
                0x10000004                _edata = .

.bss_RAM2       0x2007c000        0x0
 *(.bss.$RAM2*)
 *(.bss.$RamAHB32*)
                0x2007c000                . = ALIGN (0x4)

.bss            0x10000004        0x4
                0x10000004                _bss = .
 *(.bss*)
 *(COMMON)
 COMMON         0x10000004        0x4 ./main.o
                0x10000004                msTicks
                0x10000008                . = ALIGN (0x4)
                0x10000008                _ebss = .
                0x10000008                PROVIDE (end, .)

.noinit_RAM2    0x2007c000        0x0
 *(.noinit.$RAM2*)
 *(.noinit.$RamAHB32*)
                0x2007c000                . = ALIGN (0x4)

.noinit         0x10000008        0x0
                0x10000008                _noinit = .
 *(.noinit*)
                0x10000008                . = ALIGN (0x4)
                0x10000008                _end_noinit = .
                0x10000008                PROVIDE (_pvHeapStart, .)
                0x10008000                PROVIDE (_vStackTop, (__top_RamLoc32 - 0x0))
OUTPUT(Blinky.axf elf32-littlearm)

.debug_info     0x00000000     0x10eb
 .debug_info    0x00000000      0x2ea ./cr_startup_lpc176x.o
 .debug_info    0x000002ea      0xa7c ./main.o
 .debug_info    0x00000d66      0x385 /home/mes/Projects/diyrovers/CMSISv2_LPC17xx/Release/libCMSISv2_LPC17xx.a(system_LPC17xx.o)

.debug_abbrev   0x00000000      0x39e
 .debug_abbrev  0x00000000       0xf8 ./cr_startup_lpc176x.o
 .debug_abbrev  0x000000f8      0x1c3 ./main.o
 .debug_abbrev  0x000002bb       0xe3 /home/mes/Projects/diyrovers/CMSISv2_LPC17xx/Release/libCMSISv2_LPC17xx.a(system_LPC17xx.o)

.debug_loc      0x00000000      0x380
 .debug_loc     0x00000000      0x260 ./cr_startup_lpc176x.o
 .debug_loc     0x00000260      0x100 ./main.o
 .debug_loc     0x00000360       0x20 /home/mes/Projects/diyrovers/CMSISv2_LPC17xx/Release/libCMSISv2_LPC17xx.a(system_LPC17xx.o)

.debug_aranges  0x00000000       0xe8
 .debug_aranges
                0x00000000       0x80 ./cr_startup_lpc176x.o
 .debug_aranges
                0x00000080       0x40 ./main.o
 .debug_aranges
                0x000000c0       0x28 /home/mes/Projects/diyrovers/CMSISv2_LPC17xx/Release/libCMSISv2_LPC17xx.a(system_LPC17xx.o)

.debug_ranges   0x00000000       0xb8
 .debug_ranges  0x00000000       0x70 ./cr_startup_lpc176x.o
 .debug_ranges  0x00000070       0x30 ./main.o
 .debug_ranges  0x000000a0       0x18 /home/mes/Projects/diyrovers/CMSISv2_LPC17xx/Release/libCMSISv2_LPC17xx.a(system_LPC17xx.o)

.debug_line     0x00000000      0xc93
 .debug_line    0x00000000      0x401 ./cr_startup_lpc176x.o
 .debug_line    0x00000401      0x49e ./main.o
 .debug_line    0x0000089f      0x3f4 /home/mes/Projects/diyrovers/CMSISv2_LPC17xx/Release/libCMSISv2_LPC17xx.a(system_LPC17xx.o)

.debug_macinfo  0x00000000     0xec46
 .debug_macinfo
                0x00000000     0x3d69 ./cr_startup_lpc176x.o
 .debug_macinfo
                0x00003d69     0x58a5 ./main.o
 .debug_macinfo
                0x0000960e     0x5638 /home/mes/Projects/diyrovers/CMSISv2_LPC17xx/Release/libCMSISv2_LPC17xx.a(system_LPC17xx.o)

.debug_str      0x00000000      0x952
 .debug_str     0x00000000      0x240 ./cr_startup_lpc176x.o
                                0x268 (size before relaxing)
 .debug_str     0x00000240      0x594 ./main.o
                                0x695 (size before relaxing)
 .debug_str     0x000007d4      0x17e /home/mes/Projects/diyrovers/CMSISv2_LPC17xx/Release/libCMSISv2_LPC17xx.a(system_LPC17xx.o)
                                0x28b (size before relaxing)

.comment        0x00000000       0x70
 .comment       0x00000000       0x70 ./cr_startup_lpc176x.o
                                 0x71 (size before relaxing)
 .comment       0x00000000       0x71 ./main.o
 .comment       0x00000000       0x71 /home/mes/Projects/diyrovers/CMSISv2_LPC17xx/Release/libCMSISv2_LPC17xx.a(system_LPC17xx.o)
 .comment       0x00000000       0x71 /usr/local/lpcxpresso_6.1.0_164/lpcxpresso/tools/bin/../lib/gcc/arm-none-eabi/4.6.2/../../../../arm-none-eabi/lib/armv7-m/libcr_c.a(__weak__main.o)

.ARM.attributes
                0x00000000       0x33
 .ARM.attributes
                0x00000000       0x33 ./cr_startup_lpc176x.o
 .ARM.attributes
                0x00000033       0x33 ./main.o
 .ARM.attributes
                0x00000066       0x33 /home/mes/Projects/diyrovers/CMSISv2_LPC17xx/Release/libCMSISv2_LPC17xx.a(system_LPC17xx.o)
 .ARM.attributes
                0x00000099       0x33 /usr/local/lpcxpresso_6.1.0_164/lpcxpresso/tools/bin/../lib/gcc/arm-none-eabi/4.6.2/../../../../arm-none-eabi/lib/armv7-m/libcr_c.a(__weak__main.o)

.debug_frame    0x00000000      0x22c
 .debug_frame   0x00000000      0x158 ./cr_startup_lpc176x.o
 .debug_frame   0x00000158       0x9c ./main.o
 .debug_frame   0x000001f4       0x38 /home/mes/Projects/diyrovers/CMSISv2_LPC17xx/Release/libCMSISv2_LPC17xx.a(system_LPC17xx.o)
